

HI-TECH Software PICC Macro Assembler V9.65 build 4410 
                                                      Sat Jun 01 13:37:49 2013

HI-TECH Software Omniscient Code Generator build 4410
     1  0000                     opt subtitle "HI-TECH Software Omniscient Code 
                                 Generator build 4410"
     2                           
     3                           	processor	16F877A
     4                           clrc	macro
     5                           	bcf	status,0
     6  0000                     	endm
     7                           clrz	macro
     8                           	bcf	status,2
     9  0000                     	endm
    10                           setc	macro
    11                           	bsf	status,0
    12  0000                     	endm
    13                           setz	macro
    14                           	bsf	status,2
    15  0000                     	endm
    16                           skipc	macro
    17                           	btfss	status,0
    18  0000                     	endm
    19                           skipz	macro
    20                           	btfss	status,2
    21  0000                     	endm
    22                           skipnc	macro
    23                           	btfsc	status,0
    24  0000                     	endm
    25                           skipnz	macro
    26                           	btfsc	status,2
    27  0000                     	endm
    28  0000                     indf	equ	0
    29  0000                     indf0	equ	0
    30  0000                     pc	equ	2
    31  0000                     pcl	equ	2
    32  0000                     status	equ	3
    33  0000                     fsr	equ	4
    34  0000                     fsr0	equ	4
    35  0000                     c	equ	1
    36  0000                     z	equ	0
    37  0000                     pclath	equ	10
    38                           global __tempreg
    39  0000                     __tempreg	set	32
    40                           global __Lrdata_0, __Hrdata_0
    41  0000                     __Lrdata_0	equ	0x73
    42  0000                     __Hrdata_0	equ	0x7E
    43                           global __Lramdata, __Lrdata_0, __Hramdata, __Hr
                                 data_0
    44  0000                     __Lramdata	set	__Lrdata_0
    45  0000                     __Hramdata	set	__Hrdata_0
    46                           	GLOBAL	__databank
    47  0000                     __databank	EQU	-1
    48  0000                     _main_i	equ	??_main+0
    49                           	global	_main_i
    50  0000                     _main_ar	equ	??_main+1
    51                           	global	_main_ar
    52                           ;Data sizes: Strings 0, constant 0, data 11, bs
                                 s 0, persistent 0 stack 16
    53                           	global	_main
    54                           	global	??_main
    55                           	global	?_main
    56                           
    57                           ; *************** function _main **************
                                 *
    58                           ; Defined at:
    59                           ;		line 8 in file "D:\seminar\switch_seg\swi_se
                                 g.c"
    60                           ; Parameters:
    61                           ;		None
    62                           ; Auto variables:
    63                           ;		i           	       	type: unsigned char 
    64                           ;		ar          	       	type: unsigned char [11
                                 ]
    65                           ; Return value:
    66                           ;		type: void 
    67                           ;		size: 0
    68                           ; Registers used:
    69                           ;		wreg, fsr0l, fsr0h, status,2, status,0
    70                           ; Tracked objects:
    71                           ;		On entry : BFF/0
    72                           ;		On exit  : 0/0
    73                           ;		Unchanged: 0/0
    74                           ; Data sizes:
    75                           ;		Autos:   12
    76                           ;		Params:   0
    77                           ;		Temp:     4
    78                           ;		Total:   16
    79                           ; This function calls:
    80                           ;		Nothing
    81                           ; This function is called by:
    82                           ;		Startup code after reset
    83                           ; This function uses a non-reentrant model
    84                           ; 
    85                           	psect	maintext,class=CODE,delta=2
    86                           	file	"D:\seminar\switch_seg\swi_seg.c"
    87                           	line	8
    88                           ;swi_seg.c: 7: void main()
    89                           ;swi_seg.c: 8: {
    90                           	
    91  0018                     _main:	
    92                           	opt stack 8
    93                           ; Regs used in _main: [wreg-fsr0h+status,2+stat
                                 us,0]
    94                           	line	9
    95                           ;swi_seg.c: 9: unsigned char ar[]={0xC0,0xF9,0x
                                 A4,0xB0,0x99,0x92,0x82,0xf8,0x80,0x90,'\0'};
    96  0018  3021               	movlw	low(_main_ar)
    97  0019  0084               	movwf	fsr0
    98                           
    99  001A  3073               	movlw	115
   100  001B  00AC               	movwf	(??_main+12+0)
   101  001C  0804               	movf	fsr0,w
   102  001D  00AD               	movwf	(??_main+12+0+1)
   103  001E  300B               	movlw	11
   104  001F  00AE               	movwf	(??_main+12+0+2)
   105  0020                     u810:
   106  0020  082C               	movf	(??_main+12+0),w
   107  0021  0084               	movwf	fsr0
   108  0022  0800               	movf	indf,w
   109  0023  00AF               	movwf	(??_main+12+0+3)
   110  0024  0AAC               	incf	(??_main+12+0),f
   111  0025  082D               	movf	(??_main+12+0+1),w
   112  0026  0084               	movwf	fsr0
   113  0027  082F               	movf	(??_main+12+0+3),w
   114  0028  0080               	movwf	indf
   115  0029  0AAD               	incf	(??_main+12+0+1),f
   116  002A  0BAE               	decfsz	(??_main+12+0+2),f
   117  002B  2820               	goto	u810
   118                           	line	10
   119                           ;swi_seg.c: 10: unsigned char i=0;
   120  002C  1003               	clrc
   121                           	
   122  002D  3000               	movlw	0
   123  002E  1803               	btfsc	status,0
   124  002F  3001               	movlw	1
   125  0030  00A0               	movwf	(_main_i)
   126                           	line	11
   127                           ;swi_seg.c: 11: TRISC=0x00;
   128  0031  1003               	clrc
   129  0032  1683               	bsf	status, 5	;RP0=1, select bank1
   130  0033  1303               	bcf	status, 6	;RP2=0, select bank1
   131                           	
   132  0034  3000               	movlw	0
   133  0035  1803               	btfsc	status,0
   134  0036  3001               	movlw	1
   135  0037  0087               	movwf	(135)^080h	;volatile
   136                           	line	12
   137                           ;swi_seg.c: 12: PORTC=ar[i];
   138  0038  1283               	bcf	status, 5	;RP0=0, select bank0
   139  0039  1303               	bcf	status, 6	;RP2=0, select bank0
   140                           	
   141  003A  0821               	movf	(_main_ar),w
   142                           	
   143                           	
   144  003B  0087               	movwf	(7)	;volatile
   145                           	line	13
   146                           ;swi_seg.c: 13: while(1)
   147                           	
   148  003C                     l3:	
   149                           	line	15
   150                           ;swi_seg.c: 14: {
   151                           ;swi_seg.c: 15: if(RD0==0)
   152  003C  1808               	btfsc	(64/8),(64)&7
   153  003D  283F               	goto	u821
   154  003E  2840               	goto	u820
   155  003F                     u821:
   156  003F  2855               	goto	l5
   157  0040                     u820:
   158                           	line	17
   159                           ;swi_seg.c: 16: {
   160                           ;swi_seg.c: 17: while(RD0==0);
   161  0040  2841               	goto	l6
   162                           	
   163  0041                     l6:	
   164  0041  1C08               	btfss	(64/8),(64)&7
   165  0042  2844               	goto	u831
   166  0043  2845               	goto	u830
   167  0044                     u831:
   168  0044  2841               	goto	l6
   169  0045                     u830:
   170                           	
   171  0045                     l8:	
   172                           	line	18
   173                           ;swi_seg.c: 18: if(i!=9)
   174                           	
   175  0045  0820               	movf	(_main_i),w
   176  0046  1383               	bcf	status, 7	;select IRP bank0
   177                           	
   178  0047  3A09               	xorlw	09h
   179  0048  1903               	skipnz
   180  0049  284B               	goto	u841
   181  004A  284C               	goto	u840
   182  004B                     u841:
   183  004B  2850               	goto	l9
   184  004C                     u840:
   185                           	line	19
   186                           ;swi_seg.c: 19: i++;
   187  004C  3001               	movlw	(01h)
   188  004D  00AC               	movwf	(??_main+12+0)
   189                           	
   190  004E  082C               	movf	(??_main+12+0),w
   191  004F  07A0               	addwf	(_main_i),f
   192                           	
   193  0050                     l9:	
   194                           	line	20
   195                           ;swi_seg.c: 20: PORTC=ar[i];
   196                           	
   197  0050  0820               	movf	(_main_i),w
   198                           	
   199  0051  3E21               	addlw	(_main_ar)&0ffh
   200  0052  0084               	movwf	fsr0
   201                           	
   202  0053  0800               	movf	indf,w
   203                           	
   204                           	
   205  0054  0087               	movwf	(7)	;volatile
   206+                          	line	21
   207+                          	
   208+ 0055                     l5:	
   209+                          	line	22
   210+                          ;swi_seg.c: 21: }
   211+                          ;swi_seg.c: 22: if(RD1==0)
   212+ 0055  1888               	btfsc	(65/8),(65)&7
   213+ 0056  2858               	goto	u851
   214+ 0057  2859               	goto	u850
   215+ 0058                     u851:
   216+ 0058  286A               	goto	l2
   217+ 0059                     u850:
   218+                          	line	24
   219+                          ;swi_seg.c: 23: {
   220+                          ;swi_seg.c: 24: while(RD1==0);
   221+ 0059  285A               	goto	l11
   222+                          	
   223+ 005A                     l11:	
   224+ 005A  1C88               	btfss	(65/8),(65)&7
   225+ 005B  285D               	goto	u861
   226+ 005C  285E               	goto	u860
   227+ 005D                     u861:
   228+ 005D  285A               	goto	l11
   229+ 005E                     u860:
   230+                          	
   231+ 005E                     l13:	
   232+                          	line	25
   233+                          ;swi_seg.c: 25: if(i!=0)
   234+                          	
   235+ 005E  08A0               	movf	(_main_i),f
   236+ 005F  1D03               	skipz
   237+ 0060  2862               	goto	u870
   238+ 0061  2864               	goto	l14
   239+ 0062                     u870:
   240+                          	line	26
   241+                          ;swi_seg.c: 26: i--;
   242+                          	
   243+                          	
   244+ 0062  3001               	movlw	low(01h)
   245+ 0063  02A0               	subwf	(_main_i),f
   246+                          	
   247+ 0064                     l14:	
   248+                          	line	27
   249+                          ;swi_seg.c: 27: PORTC=ar[i];
   250+                          	
   251+ 0064  0820               	movf	(_main_i),w
   252+ 0065  1383               	bcf	status, 7	;select IRP bank0
   253+                          	
   254+ 0066  3E21               	addlw	(_main_ar)&0ffh
   255+ 0067  0084               	movwf	fsr0
   256+                          	
   257+ 0068  0800               	movf	indf,w
   258+                          	
   259+                          	
   260+ 0069  0087               	movwf	(7)	;volatile
   261+                          	line	28
   262+                          	
   263+ 006A                     l10:	
   264+                          	line	29
   265+                          	
   266+ 006A                     l2:	
   267+                          	line	13
   268+ 006A  283C               	goto	l3
   269+                          	global	start
   270+ 006B  120A  118A  2800   	ljmp	start
   271+                          	psect	maintext
   272+                          	opt stack 0
   273+                          ; =============== function _main ends =========
      +                          ======
   274+                          
   275+                          GLOBAL __end_of_main
   276+ 006E                     	__end_of_main:
   277+                          	FNSIZE	_main,16,0
   278+                          	line	31
   279+                          	signat	_main,88
   280+                          	FNROOT	_main
   281+                          	global	_main_F514
   282+                          	psect	common,class=COMMON,space=1
   283+                          
   284+                          	DABS	1,115,11	;_main_F514
   285+ 0000                     	_main_F514	set	0x73
   286+                          
   287+                          	psect	idata,class=CODE,delta=2,space=0
   288+                          	line	9
   289+                          
   290+                          ;initializer for _main_F514
   291+ 07F5  34C0               	retlw	0C0h
   292+ 07F6  34F9               	retlw	0F9h
   293+ 07F7  34A4               	retlw	0A4h
   294+ 07F8  34B0               	retlw	0B0h
   295+ 07F9  3499               	retlw	099h
   296+ 07FA  3492               	retlw	092h
   297+ 07FB  3482               	retlw	082h
   298+ 07FC  34F8               	retlw	0F8h
   299+ 07FD  3480               	retlw	080h
   300+ 07FE  3490               	retlw	090h
   301+ 07FF  3400               	retlw	0
   302+                          	psect	strings,class=CODE,delta=2,reloc=256
   303+                          	global	_ADCON0
   304+                          	global	_ADCON0
   305+ 0000                     	_ADCON0	set	0x1F
   306+                          
   307+                          	global	_ADCON1
   308+                          	global	_ADCON1
   309+ 0000                     	_ADCON1	set	0x9F
   310+                          
   311+                          	global	_ADRESH
   312+                          	global	_ADRESH
   313+ 0000                     	_ADRESH	set	0x1E
   314+                          
   315+                          	global	_ADRESL
   316+                          	global	_ADRESL
   317+ 0000                     	_ADRESL	set	0x9E
   318+                          
   319+                          	global	_CCP1CON
   320+                          	global	_CCP1CON
   321+ 0000                     	_CCP1CON	set	0x17
   322+                          
   323+                          	global	_CCP2CON
   324+                          	global	_CCP2CON
   325+ 0000                     	_CCP2CON	set	0x1D
   326+                          
   327+                          	global	_CCPR1H
   328+                          	global	_CCPR1H
   329+ 0000                     	_CCPR1H	set	0x16
   330+                          
   331+                          	global	_CCPR1L
   332+                          	global	_CCPR1L
   333+ 0000                     	_CCPR1L	set	0x15
   334                           
   335                           	global	_CCPR2H
   336                           	global	_CCPR2H
   337  0000                     	_CCPR2H	set	0x1C
   338+                          
   339+                          	global	_CCPR2L
   340+                          	global	_CCPR2L
   341+ 0000                     	_CCPR2L	set	0x1B
   342+                          
   343+                          	global	_CMCON
   344+                          	global	_CMCON
   345+ 0000                     	_CMCON	set	0x9C
   346+                          
   347+                          	global	_CVRCON
   348+                          	global	_CVRCON
   349+ 0000                     	_CVRCON	set	0x9D
   350+                          
   351+                          	global	_EEADR
   352+                          	global	_EEADR
   353+ 0000                     	_EEADR	set	0x10D
   354+                          
   355+                          	global	_EEADRH
   356+                          	global	_EEADRH
   357+ 0000                     	_EEADRH	set	0x10F
   358+                          
   359+                          	global	_EEADRL
   360+                          	global	_EEADRL
   361+ 0000                     	_EEADRL	set	0x10D
   362+                          
   363+                          	global	_EECON1
   364+                          	global	_EECON1
   365+ 0000                     	_EECON1	set	0x18C
   366+                          
   367+                          	global	_EECON2
   368+                          	global	_EECON2
   369+ 0000                     	_EECON2	set	0x18D
   370+                          
   371+                          	global	_EEDATA
   372+                          	global	_EEDATA
   373+ 0000                     	_EEDATA	set	0x10C
   374+                          
   375+                          	global	_EEDATH
   376+                          	global	_EEDATH
   377+ 0000                     	_EEDATH	set	0x10E
   378+                          
   379+                          	global	_FSR
   380+                          	global	_FSR
   381+ 0000                     	_FSR	set	0x4
   382+                          
   383+                          	global	_INDF
   384+                          	global	_INDF
   385+ 0000                     	_INDF	set	0x0
   386+                          
   387+                          	global	_INTCON
   388+                          	global	_INTCON
   389+ 0000                     	_INTCON	set	0xB
   390+                          
   391+                          	global	_OPTION
   392+                          	global	_OPTION
   393+ 0000                     	_OPTION	set	0x81
   394+                          
   395+                          	global	_PCL
   396+                          	global	_PCL
   397+ 0000                     	_PCL	set	0x2
   398+                          
   399+                          	global	_PCLATH
   400+                          	global	_PCLATH
   401+ 0000                     	_PCLATH	set	0xA
   402+                          
   403+                          	global	_PCON
   404+                          	global	_PCON
   405+ 0000                     	_PCON	set	0x8E
   406+                          
   407+                          	global	_PIE1
   408+                          	global	_PIE1
   409+ 0000                     	_PIE1	set	0x8C
   410+                          
   411+                          	global	_PIE2
   412+                          	global	_PIE2
   413+ 0000                     	_PIE2	set	0x8D
   414+                          
   415+                          	global	_PIR1
   416+                          	global	_PIR1
   417+ 0000                     	_PIR1	set	0xC
   418                           
   419                           	global	_PIR2
   420                           	global	_PIR2
   421  0000                     	_PIR2	set	0xD
   422+                          
   423+                          	global	_PORTA
   424+                          	global	_PORTA
   425+ 0000                     	_PORTA	set	0x5
   426+                          
   427+                          	global	_PORTB
   428+                          	global	_PORTB
   429+ 0000                     	_PORTB	set	0x6
   430+                          
   431+                          	global	_PORTC
   432+ 0000                     	_PORTC	set	0x7
   433+                          
   434+                          	global	_PORTD
   435+                          	global	_PORTD
   436+ 0000                     	_PORTD	set	0x8
   437+                          
   438+                          	global	_PORTE
   439+                          	global	_PORTE
   440+ 0000                     	_PORTE	set	0x9
   441+                          
   442+                          	global	_PR2
   443+                          	global	_PR2
   444+ 0000                     	_PR2	set	0x92
   445                           
   446                           	global	_RCREG
   447                           	global	_RCREG
   448  0000                     	_RCREG	set	0x1A
   449+                          
   450+                          	global	_RCSTA
   451+                          	global	_RCSTA
   452+ 0000                     	_RCSTA	set	0x18
   453+                          
   454+                          	global	_SPBRG
   455+                          	global	_SPBRG
   456+ 0000                     	_SPBRG	set	0x99
   457+                          
   458+                          	global	_SSPADD
   459+                          	global	_SSPADD
   460+ 0000                     	_SSPADD	set	0x93
   461+                          
   462+                          	global	_SSPBUF
   463+                          	global	_SSPBUF
   464+ 0000                     	_SSPBUF	set	0x13
   465+                          
   466+                          	global	_SSPCON
   467+                          	global	_SSPCON
   468+ 0000                     	_SSPCON	set	0x14
   469+                          
   470+                          	global	_SSPCON2
   471+                          	global	_SSPCON2
   472+ 0000                     	_SSPCON2	set	0x91
   473                           
   474                           	global	_SSPSTAT
   475                           	global	_SSPSTAT
   476  0000                     	_SSPSTAT	set	0x94
   477+                          
   478+                          	global	_STATUS
   479+                          	global	_STATUS
   480+ 0000                     	_STATUS	set	0x3
   481+                          
   482+                          	global	_T1CON
   483+                          	global	_T1CON
   484+ 0000                     	_T1CON	set	0x10
   485+                          
   486+                          	global	_T2CON
   487+                          	global	_T2CON
   488+ 0000                     	_T2CON	set	0x12
   489+                          
   490+                          	global	_TMR0
   491+                          	global	_TMR0
   492+ 0000                     	_TMR0	set	0x1
   493+                          
   494+                          	global	_TMR1H
   495+                          	global	_TMR1H
   496+ 0000                     	_TMR1H	set	0xF
   497+                          
   498+                          	global	_TMR1L
   499+                          	global	_TMR1L
   500+ 0000                     	_TMR1L	set	0xE
   501                           
   502                           	global	_TMR2
   503                           	global	_TMR2
   504  0000                     	_TMR2	set	0x11
   505+                          
   506+                          	global	_TRISA
   507+                          	global	_TRISA
   508+ 0000                     	_TRISA	set	0x85
   509+                          
   510+                          	global	_TRISB
   511+                          	global	_TRISB
   512+ 0000                     	_TRISB	set	0x86
   513                           
   514                           	global	_TRISC
   515  0000                     	_TRISC	set	0x87
   516                           
   517                           	global	_TRISD
   518                           	global	_TRISD
   519  0000                     	_TRISD	set	0x88
   520                           
   521                           	global	_TRISE
   522                           	global	_TRISE
   523  0000                     	_TRISE	set	0x89
   524                           
   525                           	global	_TXREG
   526                           	global	_TXREG
   527  0000                     	_TXREG	set	0x19
   528                           
   529                           	global	_TXSTA
   530                           	global	_TXSTA
   531  0000                     	_TXSTA	set	0x98
   532                           
   533                           	global	_ACKDT
   534                           	global	_ACKDT
   535  0000                     	_ACKDT	set	0x48D	;byte address: 0x91
   536                           
   537                           	global	_ACKEN
   538                           	global	_ACKEN
   539  0000                     	_ACKEN	set	0x48C	;byte address: 0x91
   540                           
   541                           	global	_ACKSTAT
   542                           	global	_ACKSTAT
   543  0000                     	_ACKSTAT	set	0x48E	;byte address: 0x91
   544                           
   545                           	global	_ADCS0
   546                           	global	_ADCS0
   547  0000                     	_ADCS0	set	0xFE	;byte address: 0x1F
   548                           
   549                           	global	_ADCS1
   550                           	global	_ADCS1
   551  0000                     	_ADCS1	set	0xFF	;byte address: 0x1F
   552                           
   553                           	global	_ADCS2
   554                           	global	_ADCS2
   555  0000                     	_ADCS2	set	0x4FE	;byte address: 0x9F
   556                           
   557                           	global	_ADDEN
   558                           	global	_ADDEN
   559  0000                     	_ADDEN	set	0xC3	;byte address: 0x18
   560                           
   561                           	global	_ADFM
   562                           	global	_ADFM
   563  0000                     	_ADFM	set	0x4FF	;byte address: 0x9F
   564                           
   565                           	global	_ADGO
   566                           	global	_ADGO
   567  0000                     	_ADGO	set	0xFA	;byte address: 0x1F
   568                           
   569                           	global	_ADIE
   570                           	global	_ADIE
   571  0000                     	_ADIE	set	0x466	;byte address: 0x8C
   572                           
   573                           	global	_ADIF
   574                           	global	_ADIF
   575  0000                     	_ADIF	set	0x66	;byte address: 0xC
   576                           
   577                           	global	_ADON
   578                           	global	_ADON
   579  0000                     	_ADON	set	0xF8	;byte address: 0x1F
   580                           
   581                           	global	_BCLIE
   582                           	global	_BCLIE
   583  0000                     	_BCLIE	set	0x46B	;byte address: 0x8D
   584                           
   585                           	global	_BCLIF
   586                           	global	_BCLIF
   587  0000                     	_BCLIF	set	0x6B	;byte address: 0xD
   588                           
   589                           	global	_BF
   590                           	global	_BF
   591  0000                     	_BF	set	0x4A0	;byte address: 0x94
   592                           
   593                           	global	_BOR
   594                           	global	_BOR
   595  0000                     	_BOR	set	0x470	;byte address: 0x8E
   596                           
   597                           	global	_BRGH
   598                           	global	_BRGH
   599  0000                     	_BRGH	set	0x4C2	;byte address: 0x98
   600                           
   601                           	global	_C1INV
   602                           	global	_C1INV
   603  0000                     	_C1INV	set	0x4E4	;byte address: 0x9C
   604                           
   605                           	global	_C1OUT
   606                           	global	_C1OUT
   607  0000                     	_C1OUT	set	0x4E6	;byte address: 0x9C
   608                           
   609                           	global	_C2INV
   610                           	global	_C2INV
   611  0000                     	_C2INV	set	0x4E5	;byte address: 0x9C
   612                           
   613                           	global	_C2OUT
   614                           	global	_C2OUT
   615  0000                     	_C2OUT	set	0x4E7	;byte address: 0x9C
   616                           
   617                           	global	_CARRY
   618                           	global	_CARRY
   619  0000                     	_CARRY	set	0x18	;byte address: 0x3
   620                           
   621                           	global	_CCP1IE
   622                           	global	_CCP1IE
   623  0000                     	_CCP1IE	set	0x462	;byte address: 0x8C
   624                           
   625                           	global	_CCP1IF
   626                           	global	_CCP1IF
   627  0000                     	_CCP1IF	set	0x62	;byte address: 0xC
   628                           
   629                           	global	_CCP1M0
   630                           	global	_CCP1M0
   631  0000                     	_CCP1M0	set	0xB8	;byte address: 0x17
   632                           
   633                           	global	_CCP1M1
   634                           	global	_CCP1M1
   635  0000                     	_CCP1M1	set	0xB9	;byte address: 0x17
   636                           
   637                           	global	_CCP1M2
   638                           	global	_CCP1M2
   639  0000                     	_CCP1M2	set	0xBA	;byte address: 0x17
   640                           
   641                           	global	_CCP1M3
   642                           	global	_CCP1M3
   643  0000                     	_CCP1M3	set	0xBB	;byte address: 0x17
   644                           
   645                           	global	_CCP1X
   646                           	global	_CCP1X
   647  0000                     	_CCP1X	set	0xBD	;byte address: 0x17
   648                           
   649                           	global	_CCP1Y
   650                           	global	_CCP1Y
   651  0000                     	_CCP1Y	set	0xBC	;byte address: 0x17
   652                           
   653                           	global	_CCP2IE
   654                           	global	_CCP2IE
   655  0000                     	_CCP2IE	set	0x468	;byte address: 0x8D
   656                           
   657                           	global	_CCP2IF
   658                           	global	_CCP2IF
   659  0000                     	_CCP2IF	set	0x68	;byte address: 0xD
   660                           
   661                           	global	_CCP2M0
   662                           	global	_CCP2M0
   663  0000                     	_CCP2M0	set	0xE8	;byte address: 0x1D
   664                           
   665                           	global	_CCP2M1
   666                           	global	_CCP2M1
   667  0000                     	_CCP2M1	set	0xE9	;byte address: 0x1D
   668                           
   669                           	global	_CCP2M2
   670                           	global	_CCP2M2
   671  0000                     	_CCP2M2	set	0xEA	;byte address: 0x1D
   672                           
   673                           	global	_CCP2M3
   674                           	global	_CCP2M3
   675  0000                     	_CCP2M3	set	0xEB	;byte address: 0x1D
   676                           
   677                           	global	_CCP2X
   678                           	global	_CCP2X
   679  0000                     	_CCP2X	set	0xED	;byte address: 0x1D
   680                           
   681                           	global	_CCP2Y
   682                           	global	_CCP2Y
   683  0000                     	_CCP2Y	set	0xEC	;byte address: 0x1D
   684                           
   685                           	global	_CHS0
   686                           	global	_CHS0
   687  0000                     	_CHS0	set	0xFB	;byte address: 0x1F
   688                           
   689                           	global	_CHS1
   690                           	global	_CHS1
   691  0000                     	_CHS1	set	0xFC	;byte address: 0x1F
   692                           
   693                           	global	_CHS2
   694                           	global	_CHS2
   695  0000                     	_CHS2	set	0xFD	;byte address: 0x1F
   696                           
   697                           	global	_CIS
   698                           	global	_CIS
   699  0000                     	_CIS	set	0x4E3	;byte address: 0x9C
   700                           
   701                           	global	_CKE
   702                           	global	_CKE
   703  0000                     	_CKE	set	0x4A6	;byte address: 0x94
   704                           
   705                           	global	_CKP
   706                           	global	_CKP
   707  0000                     	_CKP	set	0xA4	;byte address: 0x14
   708                           
   709                           	global	_CM0
   710                           	global	_CM0
   711  0000                     	_CM0	set	0x4E0	;byte address: 0x9C
   712                           
   713                           	global	_CM1
   714                           	global	_CM1
   715  0000                     	_CM1	set	0x4E1	;byte address: 0x9C
   716                           
   717                           	global	_CM2
   718                           	global	_CM2
   719  0000                     	_CM2	set	0x4E2	;byte address: 0x9C
   720                           
   721                           	global	_CMIE
   722                           	global	_CMIE
   723  0000                     	_CMIE	set	0x46E	;byte address: 0x8D
   724                           
   725                           	global	_CMIF
   726                           	global	_CMIF
   727  0000                     	_CMIF	set	0x6E	;byte address: 0xD
   728                           
   729                           	global	_CREN
   730                           	global	_CREN
   731  0000                     	_CREN	set	0xC4	;byte address: 0x18
   732                           
   733                           	global	_CSRC
   734                           	global	_CSRC
   735  0000                     	_CSRC	set	0x4C7	;byte address: 0x98
   736                           
   737                           	global	_CVR0
   738                           	global	_CVR0
   739  0000                     	_CVR0	set	0x4E8	;byte address: 0x9D
   740                           
   741                           	global	_CVR1
   742                           	global	_CVR1
   743  0000                     	_CVR1	set	0x4E9	;byte address: 0x9D
   744                           
   745                           	global	_CVR2
   746                           	global	_CVR2
   747  0000                     	_CVR2	set	0x4EA	;byte address: 0x9D
   748                           
   749                           	global	_CVR3
   750                           	global	_CVR3
   751  0000                     	_CVR3	set	0x4EB	;byte address: 0x9D
   752                           
   753                           	global	_CVREN
   754                           	global	_CVREN
   755  0000                     	_CVREN	set	0x4EF	;byte address: 0x9D
   756                           
   757                           	global	_CVROE
   758                           	global	_CVROE
   759  0000                     	_CVROE	set	0x4EE	;byte address: 0x9D
   760                           
   761                           	global	_CVRR
   762                           	global	_CVRR
   763  0000                     	_CVRR	set	0x4ED	;byte address: 0x9D
   764                           
   765                           	global	_DA
   766                           	global	_DA
   767  0000                     	_DA	set	0x4A5	;byte address: 0x94
   768                           
   769                           	global	_DC
   770                           	global	_DC
   771  0000                     	_DC	set	0x19	;byte address: 0x3
   772                           
   773                           	global	_EEIE
   774                           	global	_EEIE
   775  0000                     	_EEIE	set	0x46C	;byte address: 0x8D
   776                           
   777                           	global	_EEIF
   778                           	global	_EEIF
   779  0000                     	_EEIF	set	0x6C	;byte address: 0xD
   780                           
   781                           	global	_EEPGD
   782                           	global	_EEPGD
   783  0000                     	_EEPGD	set	0xC67	;byte address: 0x18C
   784                           
   785                           	global	_FERR
   786                           	global	_FERR
   787  0000                     	_FERR	set	0xC2	;byte address: 0x18
   788                           
   789                           	global	_GCEN
   790                           	global	_GCEN
   791  0000                     	_GCEN	set	0x48F	;byte address: 0x91
   792                           
   793                           	global	_GIE
   794                           	global	_GIE
   795  0000                     	_GIE	set	0x5F	;byte address: 0xB
   796                           
   797                           	global	_GODONE
   798                           	global	_GODONE
   799  0000                     	_GODONE	set	0xFA	;byte address: 0x1F
   800                           
   801                           	global	_IBF
   802                           	global	_IBF
   803  0000                     	_IBF	set	0x44F	;byte address: 0x89
   804                           
   805                           	global	_IBOV
   806                           	global	_IBOV
   807  0000                     	_IBOV	set	0x44D	;byte address: 0x89
   808                           
   809                           	global	_INTE
   810                           	global	_INTE
   811  0000                     	_INTE	set	0x5C	;byte address: 0xB
   812                           
   813                           	global	_INTEDG
   814                           	global	_INTEDG
   815  0000                     	_INTEDG	set	0x40E	;byte address: 0x81
   816                           
   817                           	global	_INTF
   818                           	global	_INTF
   819  0000                     	_INTF	set	0x59	;byte address: 0xB
   820                           
   821                           	global	_IRP
   822                           	global	_IRP
   823  0000                     	_IRP	set	0x1F	;byte address: 0x3
   824                           
   825                           	global	_OBF
   826                           	global	_OBF
   827  0000                     	_OBF	set	0x44E	;byte address: 0x89
   828                           
   829                           	global	_OERR
   830                           	global	_OERR
   831  0000                     	_OERR	set	0xC1	;byte address: 0x18
   832                           
   833                           	global	_PCFG0
   834                           	global	_PCFG0
   835  0000                     	_PCFG0	set	0x4F8	;byte address: 0x9F
   836                           
   837                           	global	_PCFG1
   838                           	global	_PCFG1
   839  0000                     	_PCFG1	set	0x4F9	;byte address: 0x9F
   840                           
   841                           	global	_PCFG2
   842                           	global	_PCFG2
   843  0000                     	_PCFG2	set	0x4FA	;byte address: 0x9F
   844                           
   845                           	global	_PCFG3
   846                           	global	_PCFG3
   847  0000                     	_PCFG3	set	0x4FB	;byte address: 0x9F
   848                           
   849                           	global	_PD
   850                           	global	_PD
   851  0000                     	_PD	set	0x1B	;byte address: 0x3
   852                           
   853                           	global	_PEIE
   854                           	global	_PEIE
   855  0000                     	_PEIE	set	0x5E	;byte address: 0xB
   856                           
   857                           	global	_PEN
   858                           	global	_PEN
   859  0000                     	_PEN	set	0x48A	;byte address: 0x91
   860                           
   861                           	global	_POR
   862                           	global	_POR
   863  0000                     	_POR	set	0x471	;byte address: 0x8E
   864                           
   865                           	global	_PS0
   866                           	global	_PS0
   867  0000                     	_PS0	set	0x408	;byte address: 0x81
   868                           
   869                           	global	_PS1
   870                           	global	_PS1
   871  0000                     	_PS1	set	0x409	;byte address: 0x81
   872                           
   873                           	global	_PS2
   874                           	global	_PS2
   875  0000                     	_PS2	set	0x40A	;byte address: 0x81
   876                           
   877                           	global	_PSA
   878                           	global	_PSA
   879  0000                     	_PSA	set	0x40B	;byte address: 0x81
   880                           
   881                           	global	_PSPIE
   882                           	global	_PSPIE
   883  0000                     	_PSPIE	set	0x467	;byte address: 0x8C
   884                           
   885                           	global	_PSPIF
   886                           	global	_PSPIF
   887  0000                     	_PSPIF	set	0x67	;byte address: 0xC
   888                           
   889                           	global	_PSPMODE
   890                           	global	_PSPMODE
   891  0000                     	_PSPMODE	set	0x44C	;byte address: 0x89
   892                           
   893                           	global	_RA0
   894                           	global	_RA0
   895  0000                     	_RA0	set	0x28	;byte address: 0x5
   896                           
   897                           	global	_RA1
   898                           	global	_RA1
   899  0000                     	_RA1	set	0x29	;byte address: 0x5
   900                           
   901                           	global	_RA2
   902                           	global	_RA2
   903  0000                     	_RA2	set	0x2A	;byte address: 0x5
   904                           
   905                           	global	_RA3
   906                           	global	_RA3
   907  0000                     	_RA3	set	0x2B	;byte address: 0x5
   908                           
   909                           	global	_RA4
   910                           	global	_RA4
   911  0000                     	_RA4	set	0x2C	;byte address: 0x5
   912                           
   913                           	global	_RA5
   914                           	global	_RA5
   915  0000                     	_RA5	set	0x2D	;byte address: 0x5
   916                           
   917                           	global	_RB0
   918                           	global	_RB0
   919  0000                     	_RB0	set	0x30	;byte address: 0x6
   920                           
   921                           	global	_RB1
   922                           	global	_RB1
   923  0000                     	_RB1	set	0x31	;byte address: 0x6
   924                           
   925                           	global	_RB2
   926                           	global	_RB2
   927  0000                     	_RB2	set	0x32	;byte address: 0x6
   928                           
   929                           	global	_RB3
   930                           	global	_RB3
   931  0000                     	_RB3	set	0x33	;byte address: 0x6
   932                           
   933                           	global	_RB4
   934                           	global	_RB4
   935  0000                     	_RB4	set	0x34	;byte address: 0x6
   936                           
   937                           	global	_RB5
   938                           	global	_RB5
   939  0000                     	_RB5	set	0x35	;byte address: 0x6
   940                           
   941                           	global	_RB6
   942                           	global	_RB6
   943  0000                     	_RB6	set	0x36	;byte address: 0x6
   944                           
   945                           	global	_RB7
   946                           	global	_RB7
   947  0000                     	_RB7	set	0x37	;byte address: 0x6
   948                           
   949                           	global	_RBIE
   950                           	global	_RBIE
   951  0000                     	_RBIE	set	0x5B	;byte address: 0xB
   952                           
   953                           	global	_RBIF
   954                           	global	_RBIF
   955  0000                     	_RBIF	set	0x58	;byte address: 0xB
   956                           
   957                           	global	_RBPU
   958                           	global	_RBPU
   959  0000                     	_RBPU	set	0x40F	;byte address: 0x81
   960                           
   961                           	global	_RC0
   962                           	global	_RC0
   963  0000                     	_RC0	set	0x38	;byte address: 0x7
   964                           
   965                           	global	_RC1
   966                           	global	_RC1
   967  0000                     	_RC1	set	0x39	;byte address: 0x7
   968                           
   969                           	global	_RC2
   970                           	global	_RC2
   971  0000                     	_RC2	set	0x3A	;byte address: 0x7
   972                           
   973                           	global	_RC3
   974                           	global	_RC3
   975  0000                     	_RC3	set	0x3B	;byte address: 0x7
   976                           
   977                           	global	_RC4
   978                           	global	_RC4
   979  0000                     	_RC4	set	0x3C	;byte address: 0x7
   980                           
   981                           	global	_RC5
   982                           	global	_RC5
   983  0000                     	_RC5	set	0x3D	;byte address: 0x7
   984                           
   985                           	global	_RC6
   986                           	global	_RC6
   987  0000                     	_RC6	set	0x3E	;byte address: 0x7
   988                           
   989                           	global	_RC7
   990                           	global	_RC7
   991  0000                     	_RC7	set	0x3F	;byte address: 0x7
   992                           
   993                           	global	_RCEN
   994                           	global	_RCEN
   995  0000                     	_RCEN	set	0x48B	;byte address: 0x91
   996                           
   997                           	global	_RCIE
   998                           	global	_RCIE
   999  0000                     	_RCIE	set	0x465	;byte address: 0x8C
  1000                           
  1001                           	global	_RCIF
  1002                           	global	_RCIF
  1003  0000                     	_RCIF	set	0x65	;byte address: 0xC
  1004                           
  1005                           	global	_RD
  1006                           	global	_RD
  1007  0000                     	_RD	set	0xC60	;byte address: 0x18C
  1008                           
  1009                           	global	_RD0
  1010  0000                     	_RD0	set	0x40	;byte address: 0x8
  1011                           
  1012                           	global	_RD1
  1013  0000                     	_RD1	set	0x41	;byte address: 0x8
  1014                           
  1015                           	global	_RD2
  1016                           	global	_RD2
  1017  0000                     	_RD2	set	0x42	;byte address: 0x8
  1018                           
  1019                           	global	_RD3
  1020                           	global	_RD3
  1021  0000                     	_RD3	set	0x43	;byte address: 0x8
  1022                           
  1023                           	global	_RD4
  1024                           	global	_RD4
  1025  0000                     	_RD4	set	0x44	;byte address: 0x8
  1026                           
  1027                           	global	_RD5
  1028                           	global	_RD5
  1029  0000                     	_RD5	set	0x45	;byte address: 0x8
  1030                           
  1031                           	global	_RD6
  1032                           	global	_RD6
  1033  0000                     	_RD6	set	0x46	;byte address: 0x8
  1034                           
  1035                           	global	_RD7
  1036                           	global	_RD7
  1037  0000                     	_RD7	set	0x47	;byte address: 0x8
  1038                           
  1039                           	global	_RE0
  1040                           	global	_RE0
  1041  0000                     	_RE0	set	0x48	;byte address: 0x9
  1042                           
  1043                           	global	_RE1
  1044                           	global	_RE1
  1045  0000                     	_RE1	set	0x49	;byte address: 0x9
  1046                           
  1047                           	global	_RE2
  1048                           	global	_RE2
  1049  0000                     	_RE2	set	0x4A	;byte address: 0x9
  1050                           
  1051                           	global	_RP0
  1052                           	global	_RP0
  1053  0000                     	_RP0	set	0x1D	;byte address: 0x3
  1054                           
  1055                           	global	_RP1
  1056                           	global	_RP1
  1057  0000                     	_RP1	set	0x1E	;byte address: 0x3
  1058                           
  1059                           	global	_RSEN
  1060                           	global	_RSEN
  1061  0000                     	_RSEN	set	0x489	;byte address: 0x91
  1062                           
  1063                           	global	_RW
  1064                           	global	_RW
  1065  0000                     	_RW	set	0x4A2	;byte address: 0x94
  1066                           
  1067                           	global	_RX9
  1068                           	global	_RX9
  1069  0000                     	_RX9	set	0xC6	;byte address: 0x18
  1070                           
  1071                           	global	_RX9D
  1072                           	global	_RX9D
  1073  0000                     	_RX9D	set	0xC0	;byte address: 0x18
  1074                           
  1075                           	global	_SEN
  1076                           	global	_SEN
  1077  0000                     	_SEN	set	0x488	;byte address: 0x91
  1078                           
  1079                           	global	_SMP
  1080                           	global	_SMP
  1081  0000                     	_SMP	set	0x4A7	;byte address: 0x94
  1082                           
  1083                           	global	_SPEN
  1084                           	global	_SPEN
  1085  0000                     	_SPEN	set	0xC7	;byte address: 0x18
  1086                           
  1087                           	global	_SREN
  1088                           	global	_SREN
  1089  0000                     	_SREN	set	0xC5	;byte address: 0x18
  1090                           
  1091                           	global	_SSPEN
  1092                           	global	_SSPEN
  1093  0000                     	_SSPEN	set	0xA5	;byte address: 0x14
  1094                           
  1095                           	global	_SSPIE
  1096                           	global	_SSPIE
  1097  0000                     	_SSPIE	set	0x463	;byte address: 0x8C
  1098                           
  1099                           	global	_SSPIF
  1100                           	global	_SSPIF
  1101  0000                     	_SSPIF	set	0x63	;byte address: 0xC
  1102                           
  1103                           	global	_SSPM0
  1104                           	global	_SSPM0
  1105  0000                     	_SSPM0	set	0xA0	;byte address: 0x14
  1106                           
  1107                           	global	_SSPM1
  1108                           	global	_SSPM1
  1109  0000                     	_SSPM1	set	0xA1	;byte address: 0x14
  1110                           
  1111                           	global	_SSPM2
  1112                           	global	_SSPM2
  1113  0000                     	_SSPM2	set	0xA2	;byte address: 0x14
  1114                           
  1115                           	global	_SSPM3
  1116                           	global	_SSPM3
  1117  0000                     	_SSPM3	set	0xA3	;byte address: 0x14
  1118                           
  1119                           	global	_SSPOV
  1120                           	global	_SSPOV
  1121  0000                     	_SSPOV	set	0xA6	;byte address: 0x14
  1122                           
  1123                           	global	_START
  1124                           	global	_START
  1125  0000                     	_START	set	0x4A3	;byte address: 0x94
  1126                           
  1127                           	global	_STOP
  1128                           	global	_STOP
  1129  0000                     	_STOP	set	0x4A4	;byte address: 0x94
  1130                           
  1131                           	global	_SYNC
  1132                           	global	_SYNC
  1133  0000                     	_SYNC	set	0x4C4	;byte address: 0x98
  1134                           
  1135                           	global	_T0CS
  1136                           	global	_T0CS
  1137  0000                     	_T0CS	set	0x40D	;byte address: 0x81
  1138                           
  1139                           	global	_T0IE
  1140                           	global	_T0IE
  1141  0000                     	_T0IE	set	0x5D	;byte address: 0xB
  1142                           
  1143                           	global	_T0IF
  1144                           	global	_T0IF
  1145  0000                     	_T0IF	set	0x5A	;byte address: 0xB
  1146                           
  1147                           	global	_T0SE
  1148                           	global	_T0SE
  1149  0000                     	_T0SE	set	0x40C	;byte address: 0x81
  1150                           
  1151                           	global	_T1CKPS0
  1152                           	global	_T1CKPS0
  1153  0000                     	_T1CKPS0	set	0x84	;byte address: 0x10
  1154                           
  1155                           	global	_T1CKPS1
  1156                           	global	_T1CKPS1
  1157  0000                     	_T1CKPS1	set	0x85	;byte address: 0x10
  1158                           
  1159                           	global	_T1OSCEN
  1160                           	global	_T1OSCEN
  1161  0000                     	_T1OSCEN	set	0x83	;byte address: 0x10
  1162                           
  1163                           	global	_T1SYNC
  1164                           	global	_T1SYNC
  1165  0000                     	_T1SYNC	set	0x82	;byte address: 0x10
  1166                           
  1167                           	global	_T2CKPS0
  1168                           	global	_T2CKPS0
  1169  0000                     	_T2CKPS0	set	0x90	;byte address: 0x12
  1170                           
  1171                           	global	_T2CKPS1
  1172                           	global	_T2CKPS1
  1173  0000                     	_T2CKPS1	set	0x91	;byte address: 0x12
  1174                           
  1175                           	global	_TMR0IE
  1176                           	global	_TMR0IE
  1177  0000                     	_TMR0IE	set	0x5D	;byte address: 0xB
  1178                           
  1179                           	global	_TMR0IF
  1180                           	global	_TMR0IF
  1181  0000                     	_TMR0IF	set	0x5A	;byte address: 0xB
  1182                           
  1183                           	global	_TMR1CS
  1184                           	global	_TMR1CS
  1185  0000                     	_TMR1CS	set	0x81	;byte address: 0x10
  1186                           
  1187                           	global	_TMR1IE
  1188                           	global	_TMR1IE
  1189  0000                     	_TMR1IE	set	0x460	;byte address: 0x8C
  1190                           
  1191                           	global	_TMR1IF
  1192                           	global	_TMR1IF
  1193  0000                     	_TMR1IF	set	0x60	;byte address: 0xC
  1194                           
  1195                           	global	_TMR1ON
  1196                           	global	_TMR1ON
  1197  0000                     	_TMR1ON	set	0x80	;byte address: 0x10
  1198                           
  1199                           	global	_TMR2IE
  1200                           	global	_TMR2IE
  1201  0000                     	_TMR2IE	set	0x461	;byte address: 0x8C
  1202                           
  1203                           	global	_TMR2IF
  1204                           	global	_TMR2IF
  1205  0000                     	_TMR2IF	set	0x61	;byte address: 0xC
  1206                           
  1207                           	global	_TMR2ON
  1208                           	global	_TMR2ON
  1209  0000                     	_TMR2ON	set	0x92	;byte address: 0x12
  1210                           
  1211                           	global	_TO
  1212                           	global	_TO
  1213  0000                     	_TO	set	0x1C	;byte address: 0x3
  1214                           
  1215                           	global	_TOUTPS0
  1216                           	global	_TOUTPS0
  1217  0000                     	_TOUTPS0	set	0x93	;byte address: 0x12
  1218                           
  1219                           	global	_TOUTPS1
  1220                           	global	_TOUTPS1
  1221  0000                     	_TOUTPS1	set	0x94	;byte address: 0x12
  1222                           
  1223                           	global	_TOUTPS2
  1224                           	global	_TOUTPS2
  1225  0000                     	_TOUTPS2	set	0x95	;byte address: 0x12
  1226                           
  1227                           	global	_TOUTPS3
  1228                           	global	_TOUTPS3
  1229  0000                     	_TOUTPS3	set	0x96	;byte address: 0x12
  1230                           
  1231                           	global	_TRISA0
  1232                           	global	_TRISA0
  1233  0000                     	_TRISA0	set	0x428	;byte address: 0x85
  1234                           
  1235                           	global	_TRISA1
  1236                           	global	_TRISA1
  1237  0000                     	_TRISA1	set	0x429	;byte address: 0x85
  1238                           
  1239                           	global	_TRISA2
  1240                           	global	_TRISA2
  1241  0000                     	_TRISA2	set	0x42A	;byte address: 0x85
  1242                           
  1243                           	global	_TRISA3
  1244                           	global	_TRISA3
  1245  0000                     	_TRISA3	set	0x42B	;byte address: 0x85
  1246                           
  1247                           	global	_TRISA4
  1248                           	global	_TRISA4
  1249  0000                     	_TRISA4	set	0x42C	;byte address: 0x85
  1250                           
  1251                           	global	_TRISA5
  1252                           	global	_TRISA5
  1253  0000                     	_TRISA5	set	0x42D	;byte address: 0x85
  1254                           
  1255                           	global	_TRISB0
  1256                           	global	_TRISB0
  1257  0000                     	_TRISB0	set	0x430	;byte address: 0x86
  1258                           
  1259                           	global	_TRISB1
  1260                           	global	_TRISB1
  1261  0000                     	_TRISB1	set	0x431	;byte address: 0x86
  1262                           
  1263                           	global	_TRISB2
  1264                           	global	_TRISB2
  1265  0000                     	_TRISB2	set	0x432	;byte address: 0x86
  1266                           
  1267                           	global	_TRISB3
  1268                           	global	_TRISB3
  1269  0000                     	_TRISB3	set	0x433	;byte address: 0x86
  1270                           
  1271                           	global	_TRISB4
  1272                           	global	_TRISB4
  1273  0000                     	_TRISB4	set	0x434	;byte address: 0x86
  1274                           
  1275                           	global	_TRISB5
  1276                           	global	_TRISB5
  1277  0000                     	_TRISB5	set	0x435	;byte address: 0x86
  1278                           
  1279                           	global	_TRISB6
  1280                           	global	_TRISB6
  1281  0000                     	_TRISB6	set	0x436	;byte address: 0x86
  1282                           
  1283                           	global	_TRISB7
  1284                           	global	_TRISB7
  1285  0000                     	_TRISB7	set	0x437	;byte address: 0x86
  1286                           
  1287                           	global	_TRISC0
  1288                           	global	_TRISC0
  1289  0000                     	_TRISC0	set	0x438	;byte address: 0x87
  1290                           
  1291                           	global	_TRISC1
  1292                           	global	_TRISC1
  1293  0000                     	_TRISC1	set	0x439	;byte address: 0x87
  1294                           
  1295                           	global	_TRISC2
  1296                           	global	_TRISC2
  1297  0000                     	_TRISC2	set	0x43A	;byte address: 0x87
  1298                           
  1299                           	global	_TRISC3
  1300                           	global	_TRISC3
  1301  0000                     	_TRISC3	set	0x43B	;byte address: 0x87
  1302                           
  1303                           	global	_TRISC4
  1304                           	global	_TRISC4
  1305  0000                     	_TRISC4	set	0x43C	;byte address: 0x87
  1306                           
  1307                           	global	_TRISC5
  1308                           	global	_TRISC5
  1309  0000                     	_TRISC5	set	0x43D	;byte address: 0x87
  1310                           
  1311                           	global	_TRISC6
  1312                           	global	_TRISC6
  1313  0000                     	_TRISC6	set	0x43E	;byte address: 0x87
  1314                           
  1315                           	global	_TRISC7
  1316                           	global	_TRISC7
  1317  0000                     	_TRISC7	set	0x43F	;byte address: 0x87
  1318                           
  1319                           	global	_TRISD0
  1320                           	global	_TRISD0
  1321  0000                     	_TRISD0	set	0x440	;byte address: 0x88
  1322                           
  1323                           	global	_TRISD1
  1324                           	global	_TRISD1
  1325  0000                     	_TRISD1	set	0x441	;byte address: 0x88
  1326                           
  1327                           	global	_TRISD2
  1328                           	global	_TRISD2
  1329  0000                     	_TRISD2	set	0x442	;byte address: 0x88
  1330                           
  1331                           	global	_TRISD3
  1332                           	global	_TRISD3
  1333  0000                     	_TRISD3	set	0x443	;byte address: 0x88
  1334                           
  1335                           	global	_TRISD4
  1336                           	global	_TRISD4
  1337  0000                     	_TRISD4	set	0x444	;byte address: 0x88
  1338                           
  1339                           	global	_TRISD5
  1340                           	global	_TRISD5
  1341  0000                     	_TRISD5	set	0x445	;byte address: 0x88
  1342                           
  1343                           	global	_TRISD6
  1344                           	global	_TRISD6
  1345  0000                     	_TRISD6	set	0x446	;byte address: 0x88
  1346                           
  1347                           	global	_TRISD7
  1348                           	global	_TRISD7
  1349  0000                     	_TRISD7	set	0x447	;byte address: 0x88
  1350                           
  1351                           	global	_TRISE0
  1352                           	global	_TRISE0
  1353  0000                     	_TRISE0	set	0x448	;byte address: 0x89
  1354                           
  1355                           	global	_TRISE1
  1356                           	global	_TRISE1
  1357  0000                     	_TRISE1	set	0x449	;byte address: 0x89
  1358                           
  1359                           	global	_TRISE2
  1360                           	global	_TRISE2
  1361  0000                     	_TRISE2	set	0x44A	;byte address: 0x89
  1362                           
  1363                           	global	_TRMT
  1364                           	global	_TRMT
  1365  0000                     	_TRMT	set	0x4C1	;byte address: 0x98
  1366                           
  1367                           	global	_TX9
  1368                           	global	_TX9
  1369  0000                     	_TX9	set	0x4C6	;byte address: 0x98
  1370                           
  1371                           	global	_TX9D
  1372                           	global	_TX9D
  1373  0000                     	_TX9D	set	0x4C0	;byte address: 0x98
  1374                           
  1375                           	global	_TXEN
  1376                           	global	_TXEN
  1377  0000                     	_TXEN	set	0x4C5	;byte address: 0x98
  1378                           
  1379                           	global	_TXIE
  1380                           	global	_TXIE
  1381  0000                     	_TXIE	set	0x464	;byte address: 0x8C
  1382                           
  1383                           	global	_TXIF
  1384                           	global	_TXIF
  1385  0000                     	_TXIF	set	0x64	;byte address: 0xC
  1386                           
  1387                           	global	_UA
  1388                           	global	_UA
  1389  0000                     	_UA	set	0x4A1	;byte address: 0x94
  1390                           
  1391                           	global	_WCOL
  1392                           	global	_WCOL
  1393  0000                     	_WCOL	set	0xA7	;byte address: 0x14
  1394                           
  1395                           	global	_WR
  1396                           	global	_WR
  1397  0000                     	_WR	set	0xC61	;byte address: 0x18C
  1398                           
  1399                           	global	_WREN
  1400                           	global	_WREN
  1401  0000                     	_WREN	set	0xC62	;byte address: 0x18C
  1402                           
  1403                           	global	_WRERR
  1404                           	global	_WRERR
  1405  0000                     	_WRERR	set	0xC63	;byte address: 0x18C
  1406                           
  1407                           	global	_ZERO
  1408                           	global	_ZERO
  1409  0000                     	_ZERO	set	0x1A	;byte address: 0x3
  1410                           
  1411                           	PSECT	fnauto0,class=BANK0,space=1
  1412                           	FNCONF	fnauto0,??,?
  1413                           apbank macro
  1414                           	bcf	status,5
  1415                           	bcf	status,6
  1416  0020                     	endm


HI-TECH Software PICC Macro Assembler V9.65 build 4410 
Symbol Table                                          Sat Jun 01 13:37:49 2013

           l2 006A             l3 003C             l5 0055  
           l6 0041             l8 0045             l9 0050  
   __Lrdata_0 0073     __Lramdata 0073            l10 006A  
          l11 005A            _DA 04A5            l13 005E  
          _BF 04A0            l14 0064            _DC 0019  
          _PD 001B            _RD 0C60            _UA 04A1  
          _TO 001C            _RW 04A2            _WR 0C61  
         _CM0 04E0           _CM1 04E1           _CM2 04E2  
         _CKE 04A6           _IBF 044F           _CIS 04E3  
         _CKP 00A4           _GIE 005F           _BOR 0470  
         _RA0 0028           _RA1 0029           _RB0 0030  
         _RA2 002A           _RB1 0031           _RA3 002B  
         _RC0 0038           _RB2 0032           _RA4 002C  
         _RC1 0039           _RB3 0033           _RA5 002D  
         _RD0 0040           _RC2 003A           _RB4 0034  
         _RD1 0041           _RC3 003B           _RB5 0035  
         _RE0 0048           _RD2 0042           _RC4 003C  
         _RB6 0036           _RE1 0049           _RD3 0043  
         _RC5 003D           _RB7 0037           _RE2 004A  
         _RD4 0044           _RC6 003E           _RD5 0045  
         _RC7 003F           _RD6 0046           _OBF 044E  
         _RD7 0047           _FSR 0004           _PCL 0002  
         _PS0 0408           _PR2 0092           _PS1 0409  
         _RP0 001D           _PS2 040A           _PEN 048A  
         _IRP 001F           _RP1 001E           u810 0020  
         _SEN 0488           u820 0040           u821 003F  
         u830 0045           _PSA 040B           u831 0044  
         u840 004C           u841 004B           u850 0059  
         u851 0058           u860 005E           u861 005D  
         u870 0062           _POR 0471           _RX9 00C6  
         _SMP 04A7           _TX9 04C6           fsr0 0004  
         indf 0000          _ADIE 0466          _ADIF 0066  
        _ADFM 04FF          _ADGO 00FA      __tempreg 0020  
        _ADON 00F8          _CHS0 00FB          _CHS1 00FC  
        _CHS2 00FD          _EEIE 046C          _EEIF 006C  
        _GCEN 048F          _CMIE 046E          _CMIF 006E  
        _BRGH 04C2          _T0IE 005D          _T0IF 005A  
        _CREN 00C4          _T0CS 040D          _FERR 00C2  
        _IBOV 044D          _CVR0 04E8          _CVR1 04E9  
        _CVR2 04EA          _CVR3 04EB          _T0SE 040C  
        _CSRC 04C7          _INDF 0000          _PIE1 008C  
        _PIE2 008D          _CVRR 04ED          _PEIE 005E  
        _INTE 005C          _INTF 0059          _RBIE 005B  
        _RBIF 0058          _RCIE 0465          _RCIF 0065  
        _RCEN 048B          _PCON 008E          _PIR1 000C  
        _PIR2 000D          _OERR 00C1          _RBPU 040F  
        _RX9D 00C0          _TMR0 0001          _TMR2 0011  
        _WCOL 00A7          _SPEN 00C7          _RSEN 0489  
   __databank FFFFFFFF          _TX9D 04C0          _SREN 00C5  
        _TRMT 04C1          _STOP 04A4          _ZERO 001A  
        _TXIE 0464          _WREN 0C62          _TXIF 0064  
        _TXEN 04C5          _SYNC 04C4          _main 0018  
        start 0000       _CCP1CON 0017       _CCP2CON 001D  
     _ACKSTAT 048E         _C1INV 04E4         _C2INV 04E5  
       _C1OUT 04E6         _C2OUT 04E7         _ADCS0 00FE  
       _ADCS1 00FF         _ADCS2 04FE         _ADDEN 00C3  
       ?_main 0020         _ACKEN 048C         _ACKDT 048D  
       _BCLIE 046B         _BCLIF 006B         _CCP1X 00BD  
       _CCP1Y 00BC         _CCP2X 00ED         _CCP2Y 00EC  
       _EEADR 010D         _CARRY 0018         _EEPGD 0C67  
       _CMCON 009C         _T1CON 0010         _T2CON 0012  
     _T1CKPS0 0084       _T1CKPS1 0085         _PCFG0 04F8  
       _PCFG1 04F9         _PCFG2 04FA         _PCFG3 04FB  
     _T2CKPS0 0090       _T2CKPS1 0091         _CVREN 04EF  
       _CVROE 04EE         _RCREG 001A         _RCSTA 0018  
       _TMR1H 000F         _TMR1L 000E         _SPBRG 0099  
       _PORTA 0005         _PORTB 0006       _T1OSCEN 0083  
       _PORTC 0007         _PORTD 0008         _PORTE 0009  
       _PSPIE 0467         _PSPIF 0067         _START 04A3  
       _SSPM0 00A0         _SSPM1 00A1         _SSPM2 00A2  
       _SSPM3 00A3         _TRISA 0085         _TRISB 0086  
       _TRISC 0087         _TRISD 0088         _SSPIE 0463  
       _TRISE 0089         _SSPIF 0063         _SSPEN 00A5  
       _SSPOV 00A6         _WRERR 0C63         _TXREG 0019  
   _main_F514 0073         _TXSTA 0098       _PSPMODE 044C  
     _SSPCON2 0091       _SSPSTAT 0094       _TOUTPS0 0093  
     _TOUTPS1 0094       _TOUTPS2 0095       _TOUTPS3 0096  
       status 0003        ??_main 0020       _main_ar 0021  
      _ADCON0 001F        _ADCON1 009F        _CCP1M0 00B8  
      _CCP1M1 00B9        _CCP1M2 00BA        _CCP1M3 00BB  
      _CCP2M0 00E8        _CCP2M1 00E9        _CCP2M2 00EA  
      _CCP2M3 00EB        _CCP1IE 0462        _CCP1IF 0062  
      _CCP2IE 0468        _CCP2IF 0068        _ADRESH 001E  
      _EEADRH 010F        _ADRESL 009E        _EEADRL 010D  
      _EEDATA 010C        _CCPR1H 0016        _EEDATH 010E  
      _CCPR2H 001C        _CCPR1L 0015        _CCPR2L 001B  
      _EECON1 018C        _EECON2 018D  __end_of_main 006E  
      _GODONE 00FA        _CVRCON 009D        _T1SYNC 0082  
      _INTEDG 040E        _PCLATH 000A        _INTCON 000B  
      _TMR0IE 005D        _TMR0IF 005A        _TMR1IE 0460  
      _TMR1IF 0060        _TMR1CS 0081        _TMR2IE 0461  
      _TMR2IF 0061        _TMR1ON 0080        _OPTION 0081  
      _TMR2ON 0092        _SSPADD 0093        _TRISA0 0428  
      _TRISA1 0429        _TRISB0 0430        _TRISA2 042A  
      _TRISB1 0431        _TRISA3 042B        _TRISC0 0438  
      _TRISB2 0432        _TRISA4 042C        _TRISC1 0439  
      _TRISB3 0433        _TRISA5 042D        _TRISD0 0440  
      _TRISC2 043A        _TRISB4 0434        _TRISD1 0441  
      _TRISC3 043B        _TRISB5 0435        _TRISE0 0448  
      _TRISD2 0442        _TRISC4 043C        _TRISB6 0436  
      _TRISE1 0449        _TRISD3 0443        _TRISC5 043D  
      _TRISB7 0437        _TRISE2 044A        _TRISD4 0444  
      _TRISC6 043E        _TRISD5 0445        _TRISC7 043F  
      _TRISD6 0446        _TRISD7 0447        _STATUS 0003  
      _SSPCON 0014        _SSPBUF 0013        _main_i 0020  
   __Hrdata_0 007E     __Hramdata 007E  
