C51 COMPILER V9.05   RF                                                                    02/16/2013 00:15:31 PAGE 1   


C51 COMPILER V9.05, COMPILATION OF MODULE RF
OBJECT MODULE PLACED IN rf.OBJ
COMPILER INVOKED BY: C:\Keil\C51\BIN\C51.EXE rf.c BROWSE DEBUG OBJECTEXTEND

line level    source

   1          #include<reg51.h>
   2          sbit sw = P1^0;
   3          sbit sw1 = P1^1;
   4          sbit sw2 = P1^2;
   5          sbit sw3 = P1^3;
   6          sbit mot1A=P2^0;
   7          sbit mot1B=P2^1;
   8          sbit mot2A=P2^2;
   9          sbit mot2B=P2^3;
  10          void delay(unsigned char);
  11          void main()
  12          {        sw=sw1=sw2=sw3=1;
  13   1           mot1A=mot1B=mot2A=mot2B==0;
  14   1               while(1)
  15   1         {
  16   2               while(sw==0)
  17   2                   {
  18   3                       mot1A=1;
  19   3                       mot1B=0;
  20   3                       delay(10);
  21   3                       mot2A=1;
  22   3                       mot2B=0;
  23   3                       delay(10);
  24   3                       }
  25   2               while(sw1==0)
  26   2                      {
  27   3                   mot1A=1;
  28   3                       mot1B=0;
  29   3                       delay(10);
  30   3                       mot2A=0;
  31   3                       mot2B=0;
  32   3                       delay(10);
  33   3                      }
  34   2      while(sw2==0)
  35   2                   {
  36   3                       mot1A=0;
  37   3                       mot1B=0;
  38   3                       delay(10);
  39   3                       mot2A=1;
  40   3                       mot2B=0;
  41   3                       delay(10);
  42   3                       }
  43   2      while(sw3==0)
  44   2                   {
  45   3                       mot1A=0;
  46   3                       mot1B=1;
  47   3                       delay(10);
  48   3                       mot2A=0;
  49   3                       mot2B=1;
  50   3                       delay(10);
  51   3                       }
  52   2         
  53   2         
  54   2         }
  55   1      }
C51 COMPILER V9.05   RF                                                                    02/16/2013 00:15:31 PAGE 2   

  56          void delay(unsigned char msec)   // Function for delay
  57          {
  58   1              unsigned char i;
  59   1              unsigned int j;
  60   1              for(i=0;i<msec;i++)
  61   1                      for(j=0;j<1275;j++);
  62   1      } 


MODULE INFORMATION:   STATIC OVERLAYABLE
   CODE SIZE        =    129    ----
   CONSTANT SIZE    =   ----    ----
   XDATA SIZE       =   ----    ----
   PDATA SIZE       =   ----    ----
   DATA SIZE        =   ----    ----
   IDATA SIZE       =   ----    ----
   BIT SIZE         =   ----    ----
END OF MODULE INFORMATION.


C51 COMPILATION COMPLETE.  0 WARNING(S),  0 ERROR(S)
