DTMFRO^1                                                                                                      PAGE 1

                       1    $mod51
0000                   2    org 00h
0000 7590FF            3    mov p1,#0ffh
0003 E590              4    ag: mov a,p1
0005 540F              5            anl a,#0fh
0007 B40B05            6            cjne a,#00001011b,la1
000A 75A0FA            7            mov p2,#11111010b
000D 80F4              8            sjmp ag
000F                   9    la1:
000F E590             10            mov a,p1
0011 540F             11            anl a,#0fh
0013 B40D05           12            cjne a,#00001101b,la2
0016 75A0F2           13            mov p2,#11110010b
0019 80E8             14            sjmp ag
001B                  15    la2:
001B E590             16            mov a,p1
001D 540F             17            anl a,#0fh
001F B40905           18            cjne a,#00001001b,la3
0022 75A0F8           19            mov p2,#11111000b
0025 80DC             20            sjmp ag         
0027                  21    la3:
0027 E590             22            mov a,p1
0029 540F             23            anl a,#0fh
002B B40E05           24            cjne a,#00001110b,la4
002E 75A0F5           25            mov p2,#11110101b
0031 80D0             26            sjmp ag 
0033                  27    la4:
0033 E590             28            mov a,p1
0035 540F             29            anl a,#0fh
0037 B40505           30            cjne a,#00000101b,la5
003A 75A0F0           31            mov p2,#11110000b
003D 80C4             32            sjmp ag
003F                  33    la5:
003F E590             34            mov a,p1
0041 540F             35            anl a,#0fh
0043 B40FBD           36            cjne a,#00001111b,ag
0046 75A0F0           37            mov p2,#11110000b
0049 80B8             38            sjmp ag
                      39    
                      40    
                      41    
                      42    end     
                      43    

VERSION 1.2h ASSEMBLY COMPLETE, 0 ERRORS FOUND
DTMFRO^1                                                                                                      PAGE 2

AG . . . . . . . . . . . . . . .  C ADDR  0003H  
LA1. . . . . . . . . . . . . . .  C ADDR  000FH  
LA2. . . . . . . . . . . . . . .  C ADDR  001BH  
LA3. . . . . . . . . . . . . . .  C ADDR  0027H  
LA4. . . . . . . . . . . . . . .  C ADDR  0033H  
LA5. . . . . . . . . . . . . . .  C ADDR  003FH  
P1 . . . . . . . . . . . . . . .  D ADDR  0090H  PREDEFINED  
P2 . . . . . . . . . . . . . . .  D ADDR  00A0H  PREDEFINED  
