A51 MACRO ASSEMBLER  KEYPAD                                                               06/14/2012 13:03:53 PAGE     1


MACRO ASSEMBLER A51 V8.02a
OBJECT MODULE PLACED IN keypad.OBJ
ASSEMBLER INVOKED BY: C:\Keil\C51\BIN\A51.EXE keypad.a SET(SMALL) DEBUG EP

LOC  OBJ            LINE     SOURCE

                       1     $mod51 
  00A0                 2     row0 equ p2.0
  00A1                 3     row1 equ p2.1
  00A2                 4     row2 equ p2.2
  00A5                 5     col0 equ p2.5
  00A6                 6     col1 equ p2.6
  00A7                 7     col2 equ p2.7
0000                   8     org 00h
0000 758007            9             mov p0,#07h
0003 C2A5             10     ag1:    clr col0
0005 D2A6             11             setb col1
0007 D2A7             12             setb col2
0009 E580             13             mov a,p0
000B 20A005           14             jb row0,r11
000E 759001           15             mov p1,#01h
0011 8050             16             sjmp ag
0013 20A105           17     r11:    jb row1,r22
0016 759004           18             mov p1,#04h
0019 8048             19             sjmp ag
001B 20A205           20     r22:    jb row2,r33
001E 759007           21             mov p1,#07h
0021 8040             22             sjmp ag
0023 D2A5             23     r33:    setb col0
0025 C2A6             24             clr col1
0027 D2A7             25             setb col2
0029 E580             26             mov a,p0
002B 20A005           27             jb row0,r44
002E 759002           28             mov p1,#02h
0031 8030             29             sjmp ag
0033 20A105           30     r44:    jb row1,r55
0036 759005           31             mov p1,#05h
0039 8028             32             sjmp ag
003B 20A205           33     r55:    jb row2,r66
003E 759008           34             mov p1,#08h
0041 8020             35             sjmp ag
0043 D2A5             36     r66:    setb col0
0045 D2A6             37             setb col1
0047 C2A7             38             clr col2
0049 E580             39             mov a,p0
004B 20A005           40             jb row0,r77
004E 759003           41             mov p1,#03h
0051 8010             42             sjmp ag
0053 20A105           43     r77:    jb row1,r88
0056 759006           44             mov p1,#06h
0059 8008             45             sjmp ag
005B 20A2A5           46     r88:    jb row2,ag1
005E 759009           47             mov p1,#09h
0061 8000             48             sjmp ag
0063 809E             49     ag:     sjmp ag1
                      50             end
A51 MACRO ASSEMBLER  KEYPAD                                                               06/14/2012 13:03:53 PAGE     2

SYMBOL TABLE LISTING
------ ----- -------


N A M E             T Y P E  V A L U E   ATTRIBUTES

AG . . . . . . . .  C ADDR   0063H   A   
AG1. . . . . . . .  C ADDR   0003H   A   
COL0 . . . . . . .  B ADDR   00A0H.5 A   
COL1 . . . . . . .  B ADDR   00A0H.6 A   
COL2 . . . . . . .  B ADDR   00A0H.7 A   
P0 . . . . . . . .  D ADDR   0080H   A   
P1 . . . . . . . .  D ADDR   0090H   A   
P2 . . . . . . . .  D ADDR   00A0H   A   
R11. . . . . . . .  C ADDR   0013H   A   
R22. . . . . . . .  C ADDR   001BH   A   
R33. . . . . . . .  C ADDR   0023H   A   
R44. . . . . . . .  C ADDR   0033H   A   
R55. . . . . . . .  C ADDR   003BH   A   
R66. . . . . . . .  C ADDR   0043H   A   
R77. . . . . . . .  C ADDR   0053H   A   
R88. . . . . . . .  C ADDR   005BH   A   
ROW0 . . . . . . .  B ADDR   00A0H.0 A   
ROW1 . . . . . . .  B ADDR   00A0H.1 A   
ROW2 . . . . . . .  B ADDR   00A0H.2 A   


REGISTER BANK(S) USED: 0 


ASSEMBLY COMPLETE.  0 WARNING(S), 0 ERROR(S)
